// Jest Snapshot v1, https://goo.gl/fbAQLP

exports[`dts generateDts 1`] = `
"interface MyObject {
   /** @default \\"earth\\" */
  name: string,

  specs: {
    /** @default 9.8 */
    gravity: number,

    /**
     * planet moons
     * @default [\\"moon\\"]
    */
    moons: string[],
  },
}"
`;

exports[`schema resolveSchema 1`] = `
"{
  \\"properties\\": {
    \\"name\\": {
      \\"type\\": \\"string\\",
      \\"default\\": \\"earth\\"
    },
    \\"specs\\": {
      \\"properties\\": {
        \\"gravity\\": {
          \\"default\\": 9.8,
          \\"type\\": \\"number\\"
        },
        \\"moons\\": {
          \\"title\\": \\"planet moons\\",
          \\"default\\": [
            \\"moon\\"
          ],
          \\"type\\": \\"array\\",
          \\"items\\": [
            {
              \\"type\\": \\"string\\"
            }
          ]
        }
      },
      \\"type\\": \\"object\\"
    }
  },
  \\"type\\": \\"object\\"
}"
`;
